{
  "version": "1.5.0",
  "plugins_used": [
    {
      "name": "ArtifactoryDetector"
    },
    {
      "name": "AWSKeyDetector"
    },
    {
      "name": "AzureStorageKeyDetector"
    },
    {
      "name": "Base64HighEntropyString",
      "limit": 4.5
    },
    {
      "name": "BasicAuthDetector"
    },
    {
      "name": "CloudantDetector"
    },
    {
      "name": "DiscordBotTokenDetector"
    },
    {
      "name": "GitHubTokenDetector"
    },
    {
      "name": "GitLabTokenDetector"
    },
    {
      "name": "HexHighEntropyString",
      "limit": 3.0
    },
    {
      "name": "IbmCloudIamDetector"
    },
    {
      "name": "IbmCosHmacDetector"
    },
    {
      "name": "IPPublicDetector"
    },
    {
      "name": "JwtTokenDetector"
    },
    {
      "name": "KeywordDetector",
      "keyword_exclude": ""
    },
    {
      "name": "MailchimpDetector"
    },
    {
      "name": "NpmDetector"
    },
    {
      "name": "OpenAIDetector"
    },
    {
      "name": "PrivateKeyDetector"
    },
    {
      "name": "PypiTokenDetector"
    },
    {
      "name": "SendGridDetector"
    },
    {
      "name": "SlackDetector"
    },
    {
      "name": "SoftlayerDetector"
    },
    {
      "name": "SquareOAuthDetector"
    },
    {
      "name": "StripeDetector"
    },
    {
      "name": "TelegramBotTokenDetector"
    },
    {
      "name": "TwilioKeyDetector"
    }
  ],
  "filters_used": [
    {
      "path": "detect_secrets.filters.allowlist.is_line_allowlisted"
    },
    {
      "path": "detect_secrets.filters.common.is_ignored_due_to_verification_policies",
      "min_level": 2
    },
    {
      "path": "detect_secrets.filters.heuristic.is_indirect_reference"
    },
    {
      "path": "detect_secrets.filters.heuristic.is_likely_id_string"
    },
    {
      "path": "detect_secrets.filters.heuristic.is_lock_file"
    },
    {
      "path": "detect_secrets.filters.heuristic.is_not_alphanumeric_string"
    },
    {
      "path": "detect_secrets.filters.heuristic.is_potential_uuid"
    },
    {
      "path": "detect_secrets.filters.heuristic.is_prefixed_with_dollar_sign"
    },
    {
      "path": "detect_secrets.filters.heuristic.is_sequential_string"
    },
    {
      "path": "detect_secrets.filters.heuristic.is_swagger_file"
    },
    {
      "path": "detect_secrets.filters.heuristic.is_templated_secret"
    }
  ],
  "results": {
    ".github/workflows/batch_achievements.yml": [
      {
        "type": "Secret Keyword",
        "filename": ".github/workflows/batch_achievements.yml",
        "hashed_secret": "cc87cb62100dcd964c1732e12a10eb0cc9f683ec",
        "is_verified": false,
        "line_number": 85
      },
      {
        "type": "Basic Auth Credentials",
        "filename": ".github/workflows/batch_achievements.yml",
        "hashed_secret": "cc87cb62100dcd964c1732e12a10eb0cc9f683ec",
        "is_verified": false,
        "line_number": 121
      }
    ],
    ".github/workflows/batch_annual_reset.yml": [
      {
        "type": "Secret Keyword",
        "filename": ".github/workflows/batch_annual_reset.yml",
        "hashed_secret": "cc87cb62100dcd964c1732e12a10eb0cc9f683ec",
        "is_verified": false,
        "line_number": 65
      },
      {
        "type": "Basic Auth Credentials",
        "filename": ".github/workflows/batch_annual_reset.yml",
        "hashed_secret": "cc87cb62100dcd964c1732e12a10eb0cc9f683ec",
        "is_verified": false,
        "line_number": 99
      }
    ],
    ".github/workflows/batch_consensus.yml": [
      {
        "type": "Secret Keyword",
        "filename": ".github/workflows/batch_consensus.yml",
        "hashed_secret": "cc87cb62100dcd964c1732e12a10eb0cc9f683ec",
        "is_verified": false,
        "line_number": 88
      },
      {
        "type": "Basic Auth Credentials",
        "filename": ".github/workflows/batch_consensus.yml",
        "hashed_secret": "cc87cb62100dcd964c1732e12a10eb0cc9f683ec",
        "is_verified": false,
        "line_number": 104
      }
    ],
    ".github/workflows/batch_data_reconciliation.yml": [
      {
        "type": "Secret Keyword",
        "filename": ".github/workflows/batch_data_reconciliation.yml",
        "hashed_secret": "cc87cb62100dcd964c1732e12a10eb0cc9f683ec",
        "is_verified": false,
        "line_number": 66
      },
      {
        "type": "Basic Auth Credentials",
        "filename": ".github/workflows/batch_data_reconciliation.yml",
        "hashed_secret": "cc87cb62100dcd964c1732e12a10eb0cc9f683ec",
        "is_verified": false,
        "line_number": 100
      },
      {
        "type": "Secret Keyword",
        "filename": ".github/workflows/batch_data_reconciliation.yml",
        "hashed_secret": "cc54b6331f5bd27e89e8e2855903d81ad67e7bbf",
        "is_verified": false,
        "line_number": 103
      }
    ],
    ".github/workflows/batch_off_sync.yml": [
      {
        "type": "Secret Keyword",
        "filename": ".github/workflows/batch_off_sync.yml",
        "hashed_secret": "cc87cb62100dcd964c1732e12a10eb0cc9f683ec",
        "is_verified": false,
        "line_number": 87
      },
      {
        "type": "Basic Auth Credentials",
        "filename": ".github/workflows/batch_off_sync.yml",
        "hashed_secret": "cc87cb62100dcd964c1732e12a10eb0cc9f683ec",
        "is_verified": false,
        "line_number": 103
      }
    ],
    ".github/workflows/batch_origins_backfill.yml": [
      {
        "type": "Secret Keyword",
        "filename": ".github/workflows/batch_origins_backfill.yml",
        "hashed_secret": "cc87cb62100dcd964c1732e12a10eb0cc9f683ec",
        "is_verified": false,
        "line_number": 99
      },
      {
        "type": "Basic Auth Credentials",
        "filename": ".github/workflows/batch_origins_backfill.yml",
        "hashed_secret": "cc87cb62100dcd964c1732e12a10eb0cc9f683ec",
        "is_verified": false,
        "line_number": 131
      }
    ],
    ".github/workflows/batch_osm_bulk_sync.yml": [
      {
        "type": "Secret Keyword",
        "filename": ".github/workflows/batch_osm_bulk_sync.yml",
        "hashed_secret": "cc87cb62100dcd964c1732e12a10eb0cc9f683ec",
        "is_verified": false,
        "line_number": 78
      },
      {
        "type": "Basic Auth Credentials",
        "filename": ".github/workflows/batch_osm_bulk_sync.yml",
        "hashed_secret": "cc87cb62100dcd964c1732e12a10eb0cc9f683ec",
        "is_verified": false,
        "line_number": 112
      }
    ],
    ".github/workflows/batch_purge.yml": [
      {
        "type": "Secret Keyword",
        "filename": ".github/workflows/batch_purge.yml",
        "hashed_secret": "cc87cb62100dcd964c1732e12a10eb0cc9f683ec",
        "is_verified": false,
        "line_number": 65
      },
      {
        "type": "Basic Auth Credentials",
        "filename": ".github/workflows/batch_purge.yml",
        "hashed_secret": "cc87cb62100dcd964c1732e12a10eb0cc9f683ec",
        "is_verified": false,
        "line_number": 81
      }
    ],
    ".github/workflows/batch_push_receipts.yml": [
      {
        "type": "Secret Keyword",
        "filename": ".github/workflows/batch_push_receipts.yml",
        "hashed_secret": "cc87cb62100dcd964c1732e12a10eb0cc9f683ec",
        "is_verified": false,
        "line_number": 66
      },
      {
        "type": "Basic Auth Credentials",
        "filename": ".github/workflows/batch_push_receipts.yml",
        "hashed_secret": "cc87cb62100dcd964c1732e12a10eb0cc9f683ec",
        "is_verified": false,
        "line_number": 100
      }
    ],
    ".github/workflows/batch_reconciliation.yml": [
      {
        "type": "Secret Keyword",
        "filename": ".github/workflows/batch_reconciliation.yml",
        "hashed_secret": "cc87cb62100dcd964c1732e12a10eb0cc9f683ec",
        "is_verified": false,
        "line_number": 66
      },
      {
        "type": "Basic Auth Credentials",
        "filename": ".github/workflows/batch_reconciliation.yml",
        "hashed_secret": "cc87cb62100dcd964c1732e12a10eb0cc9f683ec",
        "is_verified": false,
        "line_number": 100
      },
      {
        "type": "Secret Keyword",
        "filename": ".github/workflows/batch_reconciliation.yml",
        "hashed_secret": "cc54b6331f5bd27e89e8e2855903d81ad67e7bbf",
        "is_verified": false,
        "line_number": 103
      }
    ],
    ".github/workflows/batch_referral_payout.yml": [
      {
        "type": "Secret Keyword",
        "filename": ".github/workflows/batch_referral_payout.yml",
        "hashed_secret": "cc87cb62100dcd964c1732e12a10eb0cc9f683ec",
        "is_verified": false,
        "line_number": 65
      },
      {
        "type": "Basic Auth Credentials",
        "filename": ".github/workflows/batch_referral_payout.yml",
        "hashed_secret": "cc87cb62100dcd964c1732e12a10eb0cc9f683ec",
        "is_verified": false,
        "line_number": 99
      }
    ],
    ".github/workflows/batch_savings.yml": [
      {
        "type": "Secret Keyword",
        "filename": ".github/workflows/batch_savings.yml",
        "hashed_secret": "cc87cb62100dcd964c1732e12a10eb0cc9f683ec",
        "is_verified": false,
        "line_number": 88
      },
      {
        "type": "Basic Auth Credentials",
        "filename": ".github/workflows/batch_savings.yml",
        "hashed_secret": "cc87cb62100dcd964c1732e12a10eb0cc9f683ec",
        "is_verified": false,
        "line_number": 120
      }
    ],
    ".github/workflows/batch_shared.yml": [
      {
        "type": "Secret Keyword",
        "filename": ".github/workflows/batch_shared.yml",
        "hashed_secret": "cc87cb62100dcd964c1732e12a10eb0cc9f683ec",
        "is_verified": false,
        "line_number": 71
      },
      {
        "type": "Basic Auth Credentials",
        "filename": ".github/workflows/batch_shared.yml",
        "hashed_secret": "cc87cb62100dcd964c1732e12a10eb0cc9f683ec",
        "is_verified": false,
        "line_number": 104
      }
    ],
    ".github/workflows/batch_sirene_sync.yml": [
      {
        "type": "Secret Keyword",
        "filename": ".github/workflows/batch_sirene_sync.yml",
        "hashed_secret": "cc87cb62100dcd964c1732e12a10eb0cc9f683ec",
        "is_verified": false,
        "line_number": 79
      },
      {
        "type": "Basic Auth Credentials",
        "filename": ".github/workflows/batch_sirene_sync.yml",
        "hashed_secret": "cc87cb62100dcd964c1732e12a10eb0cc9f683ec",
        "is_verified": false,
        "line_number": 113
      }
    ],
    ".github/workflows/batch_vrac_seed.yml": [
      {
        "type": "Secret Keyword",
        "filename": ".github/workflows/batch_vrac_seed.yml",
        "hashed_secret": "cc87cb62100dcd964c1732e12a10eb0cc9f683ec",
        "is_verified": false,
        "line_number": 86
      },
      {
        "type": "Basic Auth Credentials",
        "filename": ".github/workflows/batch_vrac_seed.yml",
        "hashed_secret": "cc87cb62100dcd964c1732e12a10eb0cc9f683ec",
        "is_verified": false,
        "line_number": 118
      }
    ],
    ".github/workflows/ci.yml": [
      {
        "type": "Secret Keyword",
        "filename": ".github/workflows/ci.yml",
        "hashed_secret": "3e26d6750975d678acb8fa35a0f69237881576b0",
        "is_verified": false,
        "line_number": 108
      }
    ],
    ".github/workflows/python-ci.yml": [
      {
        "type": "Basic Auth Credentials",
        "filename": ".github/workflows/python-ci.yml",
        "hashed_secret": "cc87cb62100dcd964c1732e12a10eb0cc9f683ec",
        "is_verified": false,
        "line_number": 114
      }
    ],
    "CONTRIBUTING.md": [
      {
        "type": "Basic Auth Credentials",
        "filename": "CONTRIBUTING.md",
        "hashed_secret": "cc87cb62100dcd964c1732e12a10eb0cc9f683ec",
        "is_verified": false,
        "line_number": 38
      }
    ],
    "README.md": [
      {
        "type": "Basic Auth Credentials",
        "filename": "README.md",
        "hashed_secret": "cc87cb62100dcd964c1732e12a10eb0cc9f683ec",
        "is_verified": false,
        "line_number": 195
      }
    ],
    "alembic/tests/test_brand_receipt_formats_migration.py": [
      {
        "type": "Hex High Entropy String",
        "filename": "alembic/tests/test_brand_receipt_formats_migration.py",
        "hashed_secret": "815835d2be950fbdba693a4c6f1b80526139f97f",
        "is_verified": false,
        "line_number": 21
      },
      {
        "type": "Hex High Entropy String",
        "filename": "alembic/tests/test_brand_receipt_formats_migration.py",
        "hashed_secret": "d1d8647c055ab050cbad0ca3f84a51703c1c2e02",
        "is_verified": false,
        "line_number": 22
      }
    ],
    "alembic/versions/20260402_1044_c70458e93bcd_add_refresh_tokens_table.py": [
      {
        "type": "Hex High Entropy String",
        "filename": "alembic/versions/20260402_1044_c70458e93bcd_add_refresh_tokens_table.py",
        "hashed_secret": "47ae3b89619f4a99beab0a77984fdb4c667b59af",
        "is_verified": false,
        "line_number": 15
      }
    ],
    "alembic/versions/20260403_1400_9cf7a2f5b7c8_add_payment_ref_to_subscriptions.py": [
      {
        "type": "Hex High Entropy String",
        "filename": "alembic/versions/20260403_1400_9cf7a2f5b7c8_add_payment_ref_to_subscriptions.py",
        "hashed_secret": "4b6ed34e539379545294d566c1626b09cca61754",
        "is_verified": false,
        "line_number": 13
      }
    ],
    "alembic/versions/20260403_1447_9bac37ba78e4_reduce_optimized_routes_ttl_to_24h.py": [
      {
        "type": "Hex High Entropy String",
        "filename": "alembic/versions/20260403_1447_9bac37ba78e4_reduce_optimized_routes_ttl_to_24h.py",
        "hashed_secret": "68ab7a78a56c1f8c647b5436120df06db82da440",
        "is_verified": false,
        "line_number": 14
      }
    ],
    "alembic/versions/20260404_1338_f0076591d228_add_brands_photo_url_small_to_products.py": [
      {
        "type": "Hex High Entropy String",
        "filename": "alembic/versions/20260404_1338_f0076591d228_add_brands_photo_url_small_to_products.py",
        "hashed_secret": "ac35a357910ccbbf5b4dab5a466a847eead58fa7",
        "is_verified": false,
        "line_number": 15
      }
    ],
    "alembic/versions/20260404_1419_8880a9e17ca2_add_storage_type_check_constraint.py": [
      {
        "type": "Hex High Entropy String",
        "filename": "alembic/versions/20260404_1419_8880a9e17ca2_add_storage_type_check_constraint.py",
        "hashed_secret": "85bc2be316786878f21c49a41117fa30ef225d0e",
        "is_verified": false,
        "line_number": 14
      }
    ],
    "alembic/versions/20260405_1000_b3e7f9a21c4d_add_categories_tags_to_products.py": [
      {
        "type": "Hex High Entropy String",
        "filename": "alembic/versions/20260405_1000_b3e7f9a21c4d_add_categories_tags_to_products.py",
        "hashed_secret": "d0f3e125f792f68ce62962ac59ff79860e1e461f",
        "is_verified": false,
        "line_number": 15
      }
    ],
    "alembic/versions/20260405_1258_28974f35fb76_add_r2_image_columns_to_receipts.py": [
      {
        "type": "Hex High Entropy String",
        "filename": "alembic/versions/20260405_1258_28974f35fb76_add_r2_image_columns_to_receipts.py",
        "hashed_secret": "11fdf1f57ec47503cb80421ec0cb1a855cfe671c",
        "is_verified": false,
        "line_number": 15
      }
    ],
    "alembic/versions/20260406_1000_e4a7c2d8f901_add_pg_trgm_index_products_name.py": [
      {
        "type": "Hex High Entropy String",
        "filename": "alembic/versions/20260406_1000_e4a7c2d8f901_add_pg_trgm_index_products_name.py",
        "hashed_secret": "a375fe14d60f7f982dd48d165a8bf043ff9d37a5",
        "is_verified": false,
        "line_number": 13
      }
    ],
    "alembic/versions/20260406_1100_a2f8b9c1d3e5_add_match_method_to_scans.py": [
      {
        "type": "Hex High Entropy String",
        "filename": "alembic/versions/20260406_1100_a2f8b9c1d3e5_add_match_method_to_scans.py",
        "hashed_secret": "24ba489fdeb6f62fee5442d1aacfaf17639032c6",
        "is_verified": false,
        "line_number": 14
      }
    ],
    "alembic/versions/20260406_1453_f4e3cd849eae_drop_price_consensus_history_scans.py": [
      {
        "type": "Hex High Entropy String",
        "filename": "alembic/versions/20260406_1453_f4e3cd849eae_drop_price_consensus_history_scans.py",
        "hashed_secret": "b4258d0ffcafbb7edfdd2457bea18545092b515e",
        "is_verified": false,
        "line_number": 15
      }
    ],
    "alembic/versions/20260406_1600_c3a1d7e2f84b_add_label_sessions.py": [
      {
        "type": "Hex High Entropy String",
        "filename": "alembic/versions/20260406_1600_c3a1d7e2f84b_add_label_sessions.py",
        "hashed_secret": "55f2ee0f2afcf5a4e458f1b2c14a4312765d1834",
        "is_verified": false,
        "line_number": 14
      }
    ],
    "alembic/versions/20260407_1530_d5e2f1a3b7c9_add_total_lines_detected_to_receipts.py": [
      {
        "type": "Hex High Entropy String",
        "filename": "alembic/versions/20260407_1530_d5e2f1a3b7c9_add_total_lines_detected_to_receipts.py",
        "hashed_secret": "1d3f1e7409a61ff28b684a18e76a73f4ed4816f7",
        "is_verified": false,
        "line_number": 13
      }
    ],
    "alembic/versions/20260407_1600_e8f2a1b3c4d5_add_product_knowledge.py": [
      {
        "type": "Hex High Entropy String",
        "filename": "alembic/versions/20260407_1600_e8f2a1b3c4d5_add_product_knowledge.py",
        "hashed_secret": "5495925594fba97a451a37f7725cf3e06a25b65c",
        "is_verified": false,
        "line_number": 13
      }
    ],
    "alembic/versions/20260408_0900_a1b2c3d4e5f6_rework_product_knowledge.py": [
      {
        "type": "Hex High Entropy String",
        "filename": "alembic/versions/20260408_0900_a1b2c3d4e5f6_rework_product_knowledge.py",
        "hashed_secret": "ef678205593788329ff416ce5c65fa04f33a05bd",
        "is_verified": false,
        "line_number": 12
      }
    ],
    "alembic/versions/20260408_1000_b1c2d3e4f5a6_add_user_verified_at_to_scans.py": [
      {
        "type": "Hex High Entropy String",
        "filename": "alembic/versions/20260408_1000_b1c2d3e4f5a6_add_user_verified_at_to_scans.py",
        "hashed_secret": "67e71f59c479818d8d271427edeaee49eae77ffe",
        "is_verified": false,
        "line_number": 13
      },
      {
        "type": "Hex High Entropy String",
        "filename": "alembic/versions/20260408_1000_b1c2d3e4f5a6_add_user_verified_at_to_scans.py",
        "hashed_secret": "ef678205593788329ff416ce5c65fa04f33a05bd",
        "is_verified": false,
        "line_number": 14
      }
    ],
    "alembic/versions/20260408_1200_c2d3e4f5a6b7_migrate_datetime_to_timestamptz.py": [
      {
        "type": "Hex High Entropy String",
        "filename": "alembic/versions/20260408_1200_c2d3e4f5a6b7_migrate_datetime_to_timestamptz.py",
        "hashed_secret": "a25d3ab3a62142e06a5940fb9eac04c77bec7919",
        "is_verified": false,
        "line_number": 22
      },
      {
        "type": "Hex High Entropy String",
        "filename": "alembic/versions/20260408_1200_c2d3e4f5a6b7_migrate_datetime_to_timestamptz.py",
        "hashed_secret": "67e71f59c479818d8d271427edeaee49eae77ffe",
        "is_verified": false,
        "line_number": 23
      }
    ],
    "alembic/versions/20260408_1400_d3e4f5a6b7c8_add_notification_log_status.py": [
      {
        "type": "Hex High Entropy String",
        "filename": "alembic/versions/20260408_1400_d3e4f5a6b7c8_add_notification_log_status.py",
        "hashed_secret": "dcef2ed5c987677807031f50f5b15aee0527dfd3",
        "is_verified": false,
        "line_number": 12
      },
      {
        "type": "Hex High Entropy String",
        "filename": "alembic/versions/20260408_1400_d3e4f5a6b7c8_add_notification_log_status.py",
        "hashed_secret": "a25d3ab3a62142e06a5940fb9eac04c77bec7919",
        "is_verified": false,
        "line_number": 13
      }
    ],
    "alembic/versions/20260408_1500_e4f5a6b7c8d9_add_notification_log_dedup_index.py": [
      {
        "type": "Hex High Entropy String",
        "filename": "alembic/versions/20260408_1500_e4f5a6b7c8d9_add_notification_log_dedup_index.py",
        "hashed_secret": "352ca37d32189c412e3b8da658f206cbc086c427",
        "is_verified": false,
        "line_number": 16
      },
      {
        "type": "Hex High Entropy String",
        "filename": "alembic/versions/20260408_1500_e4f5a6b7c8d9_add_notification_log_dedup_index.py",
        "hashed_secret": "dcef2ed5c987677807031f50f5b15aee0527dfd3",
        "is_verified": false,
        "line_number": 17
      }
    ],
    "alembic/versions/20260408_1600_f5a6b7c8d9e0_drop_notification_logs_type_check.py": [
      {
        "type": "Hex High Entropy String",
        "filename": "alembic/versions/20260408_1600_f5a6b7c8d9e0_drop_notification_logs_type_check.py",
        "hashed_secret": "f5c78c30b92e06ec4a59cb0e653225254bbd5ece",
        "is_verified": false,
        "line_number": 16
      },
      {
        "type": "Hex High Entropy String",
        "filename": "alembic/versions/20260408_1600_f5a6b7c8d9e0_drop_notification_logs_type_check.py",
        "hashed_secret": "352ca37d32189c412e3b8da658f206cbc086c427",
        "is_verified": false,
        "line_number": 17
      }
    ],
    "alembic/versions/20260408_1700_a6b7c8d9e0f1_add_timezone_to_users.py": [
      {
        "type": "Hex High Entropy String",
        "filename": "alembic/versions/20260408_1700_a6b7c8d9e0f1_add_timezone_to_users.py",
        "hashed_secret": "2c1ebf1c053885e7a9120a4568fe1d0fc1410d10",
        "is_verified": false,
        "line_number": 16
      },
      {
        "type": "Hex High Entropy String",
        "filename": "alembic/versions/20260408_1700_a6b7c8d9e0f1_add_timezone_to_users.py",
        "hashed_secret": "f5c78c30b92e06ec4a59cb0e653225254bbd5ece",
        "is_verified": false,
        "line_number": 17
      }
    ],
    "alembic/versions/20260409_1000_b7c8d9e0f1a2_add_missing_updated_at_triggers.py": [
      {
        "type": "Hex High Entropy String",
        "filename": "alembic/versions/20260409_1000_b7c8d9e0f1a2_add_missing_updated_at_triggers.py",
        "hashed_secret": "22b519bd50a34e1bcba48ddadc18575b108a8404",
        "is_verified": false,
        "line_number": 17
      },
      {
        "type": "Hex High Entropy String",
        "filename": "alembic/versions/20260409_1000_b7c8d9e0f1a2_add_missing_updated_at_triggers.py",
        "hashed_secret": "2c1ebf1c053885e7a9120a4568fe1d0fc1410d10",
        "is_verified": false,
        "line_number": 18
      }
    ],
    "alembic/versions/20260409_1100_c9d0e1f2a3b4_add_referral_tables.py": [
      {
        "type": "Hex High Entropy String",
        "filename": "alembic/versions/20260409_1100_c9d0e1f2a3b4_add_referral_tables.py",
        "hashed_secret": "2726b462ecb944ccc6e89294d1c9e49bd1c8b32d",
        "is_verified": false,
        "line_number": 13
      },
      {
        "type": "Hex High Entropy String",
        "filename": "alembic/versions/20260409_1100_c9d0e1f2a3b4_add_referral_tables.py",
        "hashed_secret": "22b519bd50a34e1bcba48ddadc18575b108a8404",
        "is_verified": false,
        "line_number": 14
      }
    ],
    "alembic/versions/20260409_1200_d0e1f2a3b4c5_subscription_stripe_pending.py": [
      {
        "type": "Hex High Entropy String",
        "filename": "alembic/versions/20260409_1200_d0e1f2a3b4c5_subscription_stripe_pending.py",
        "hashed_secret": "b80ad0ac78f9a45bafe5cc4b361602340914648e",
        "is_verified": false,
        "line_number": 22
      },
      {
        "type": "Hex High Entropy String",
        "filename": "alembic/versions/20260409_1200_d0e1f2a3b4c5_subscription_stripe_pending.py",
        "hashed_secret": "2726b462ecb944ccc6e89294d1c9e49bd1c8b32d",
        "is_verified": false,
        "line_number": 23
      }
    ],
    "alembic/versions/20260409_1300_e1f2a3b4c5d6_fix_payment_ref_coherence.py": [
      {
        "type": "Hex High Entropy String",
        "filename": "alembic/versions/20260409_1300_e1f2a3b4c5d6_fix_payment_ref_coherence.py",
        "hashed_secret": "9b094435d625c9385a1bb083604f87fa7c225da0",
        "is_verified": false,
        "line_number": 15
      },
      {
        "type": "Hex High Entropy String",
        "filename": "alembic/versions/20260409_1300_e1f2a3b4c5d6_fix_payment_ref_coherence.py",
        "hashed_secret": "b80ad0ac78f9a45bafe5cc4b361602340914648e",
        "is_verified": false,
        "line_number": 16
      }
    ],
    "alembic/versions/20260410_1000_f2a3b4c5d6e7_ratis_rewards_cab_battlepass_missions.py": [
      {
        "type": "Hex High Entropy String",
        "filename": "alembic/versions/20260410_1000_f2a3b4c5d6e7_ratis_rewards_cab_battlepass_missions.py",
        "hashed_secret": "39f8d27c686d73be5fe92ba239bae558b0355807",
        "is_verified": false,
        "line_number": 21
      },
      {
        "type": "Hex High Entropy String",
        "filename": "alembic/versions/20260410_1000_f2a3b4c5d6e7_ratis_rewards_cab_battlepass_missions.py",
        "hashed_secret": "9b094435d625c9385a1bb083604f87fa7c225da0",
        "is_verified": false,
        "line_number": 22
      }
    ],
    "alembic/versions/20260412_1000_f93171d19694_missions_unique_action_type_frequency.py": [
      {
        "type": "Hex High Entropy String",
        "filename": "alembic/versions/20260412_1000_f93171d19694_missions_unique_action_type_frequency.py",
        "hashed_secret": "39f8d27c686d73be5fe92ba239bae558b0355807",
        "is_verified": false,
        "line_number": 14
      }
    ],
    "alembic/versions/20260412_1500_c4d5e6f7a8b9_brands_affiliate_cashback_refactor.py": [
      {
        "type": "Hex High Entropy String",
        "filename": "alembic/versions/20260412_1500_c4d5e6f7a8b9_brands_affiliate_cashback_refactor.py",
        "hashed_secret": "ceeb46597b474a1b71d009d35dbe2782f54ebe5c",
        "is_verified": false,
        "line_number": 19
      }
    ],
    "alembic/versions/20260412_1600_d5e6f7a8b9c0_cabecoin_reason_cashback_boost_refund.py": [
      {
        "type": "Hex High Entropy String",
        "filename": "alembic/versions/20260412_1600_d5e6f7a8b9c0_cabecoin_reason_cashback_boost_refund.py",
        "hashed_secret": "798f15d7097473291bfe213f0b07b3adde1730ce",
        "is_verified": false,
        "line_number": 12
      },
      {
        "type": "Hex High Entropy String",
        "filename": "alembic/versions/20260412_1600_d5e6f7a8b9c0_cabecoin_reason_cashback_boost_refund.py",
        "hashed_secret": "ceeb46597b474a1b71d009d35dbe2782f54ebe5c",
        "is_verified": false,
        "line_number": 13
      }
    ],
    "alembic/versions/20260412_2200_e6f7a8b9c0d1_cabecoin_reason_cashback_boost_debit.py": [
      {
        "type": "Hex High Entropy String",
        "filename": "alembic/versions/20260412_2200_e6f7a8b9c0d1_cabecoin_reason_cashback_boost_debit.py",
        "hashed_secret": "378e0c51318a18dd4142048cd4ddfed3dc741705",
        "is_verified": false,
        "line_number": 12
      },
      {
        "type": "Hex High Entropy String",
        "filename": "alembic/versions/20260412_2200_e6f7a8b9c0d1_cabecoin_reason_cashback_boost_debit.py",
        "hashed_secret": "798f15d7097473291bfe213f0b07b3adde1730ce",
        "is_verified": false,
        "line_number": 13
      }
    ],
    "alembic/versions/20260412_2230_f7a8b9c0d1e2_cashback_tx_drop_subscription_payment.py": [
      {
        "type": "Hex High Entropy String",
        "filename": "alembic/versions/20260412_2230_f7a8b9c0d1e2_cashback_tx_drop_subscription_payment.py",
        "hashed_secret": "40bd65fc091a4c7bda4c08f08fab76c42ddfcab9",
        "is_verified": false,
        "line_number": 18
      },
      {
        "type": "Hex High Entropy String",
        "filename": "alembic/versions/20260412_2230_f7a8b9c0d1e2_cashback_tx_drop_subscription_payment.py",
        "hashed_secret": "378e0c51318a18dd4142048cd4ddfed3dc741705",
        "is_verified": false,
        "line_number": 19
      }
    ],
    "alembic/versions/20260413_1000_a8b9c0d1e2f3_all_monetary_amounts_to_integer.py": [
      {
        "type": "Hex High Entropy String",
        "filename": "alembic/versions/20260413_1000_a8b9c0d1e2f3_all_monetary_amounts_to_integer.py",
        "hashed_secret": "114ce0187cbf757a4a9912a4200b4d2c7d6c1d69",
        "is_verified": false,
        "line_number": 28
      },
      {
        "type": "Hex High Entropy String",
        "filename": "alembic/versions/20260413_1000_a8b9c0d1e2f3_all_monetary_amounts_to_integer.py",
        "hashed_secret": "40bd65fc091a4c7bda4c08f08fab76c42ddfcab9",
        "is_verified": false,
        "line_number": 29
      }
    ],
    "alembic/versions/20260413_1900_b2c3d4e5f6a7_gift_cards.py": [
      {
        "type": "Hex High Entropy String",
        "filename": "alembic/versions/20260413_1900_b2c3d4e5f6a7_gift_cards.py",
        "hashed_secret": "7277847a690bab70c1fbc5ab8eddbbcecdad996c",
        "is_verified": false,
        "line_number": 12
      },
      {
        "type": "Hex High Entropy String",
        "filename": "alembic/versions/20260413_1900_b2c3d4e5f6a7_gift_cards.py",
        "hashed_secret": "114ce0187cbf757a4a9912a4200b4d2c7d6c1d69",
        "is_verified": false,
        "line_number": 13
      }
    ],
    "alembic/versions/20260413_2100_c3d4e5f6a7b8_gamification.py": [
      {
        "type": "Hex High Entropy String",
        "filename": "alembic/versions/20260413_2100_c3d4e5f6a7b8_gamification.py",
        "hashed_secret": "5f54b82127fdf5d4704c3fa47ea6efb79f16f243",
        "is_verified": false,
        "line_number": 12
      },
      {
        "type": "Hex High Entropy String",
        "filename": "alembic/versions/20260413_2100_c3d4e5f6a7b8_gamification.py",
        "hashed_secret": "7277847a690bab70c1fbc5ab8eddbbcecdad996c",
        "is_verified": false,
        "line_number": 13
      }
    ],
    "alembic/versions/20260413_2200_d4e5f6a7b8c9_gamification_user_mission_target.py": [
      {
        "type": "Hex High Entropy String",
        "filename": "alembic/versions/20260413_2200_d4e5f6a7b8c9_gamification_user_mission_target.py",
        "hashed_secret": "9d7711abfa1f07e829f8ffd195f6679b8327ecf7",
        "is_verified": false,
        "line_number": 12
      },
      {
        "type": "Hex High Entropy String",
        "filename": "alembic/versions/20260413_2200_d4e5f6a7b8c9_gamification_user_mission_target.py",
        "hashed_secret": "5f54b82127fdf5d4704c3fa47ea6efb79f16f243",
        "is_verified": false,
        "line_number": 13
      }
    ],
    "alembic/versions/20260413_2210_e5f6a7b8c9d0_cabecoin_reason_stonks_freeze.py": [
      {
        "type": "Hex High Entropy String",
        "filename": "alembic/versions/20260413_2210_e5f6a7b8c9d0_cabecoin_reason_stonks_freeze.py",
        "hashed_secret": "5b8b7a611fb4d5665c9e428bee5e92a383344fd4",
        "is_verified": false,
        "line_number": 11
      },
      {
        "type": "Hex High Entropy String",
        "filename": "alembic/versions/20260413_2210_e5f6a7b8c9d0_cabecoin_reason_stonks_freeze.py",
        "hashed_secret": "9d7711abfa1f07e829f8ffd195f6679b8327ecf7",
        "is_verified": false,
        "line_number": 12
      }
    ],
    "alembic/versions/20260414_0900_f8a9b0c1d2e3_receipt_semantic_dedup.py": [
      {
        "type": "Hex High Entropy String",
        "filename": "alembic/versions/20260414_0900_f8a9b0c1d2e3_receipt_semantic_dedup.py",
        "hashed_secret": "1209395fe478769e2364acc568da35c1503f84ba",
        "is_verified": false,
        "line_number": 13
      },
      {
        "type": "Hex High Entropy String",
        "filename": "alembic/versions/20260414_0900_f8a9b0c1d2e3_receipt_semantic_dedup.py",
        "hashed_secret": "5b8b7a611fb4d5665c9e428bee5e92a383344fd4",
        "is_verified": false,
        "line_number": 14
      }
    ],
    "alembic/versions/20260414_1400_g9h0i1j2k3l4_feed_jack_streaks.py": [
      {
        "type": "Hex High Entropy String",
        "filename": "alembic/versions/20260414_1400_g9h0i1j2k3l4_feed_jack_streaks.py",
        "hashed_secret": "1209395fe478769e2364acc568da35c1503f84ba",
        "is_verified": false,
        "line_number": 20
      }
    ],
    "alembic/versions/20260415_1844_cfe77b80848d_merge_reconciliation_indexes_and_label_.py": [
      {
        "type": "Hex High Entropy String",
        "filename": "alembic/versions/20260415_1844_cfe77b80848d_merge_reconciliation_indexes_and_label_.py",
        "hashed_secret": "72356d9d2b29bd2b34a2bce50ca45c436c50dc73",
        "is_verified": false,
        "line_number": 13
      }
    ],
    "alembic/versions/20260415_2100_q1r2s3t4u5v6_stores_osm_fields.py": [
      {
        "type": "Hex High Entropy String",
        "filename": "alembic/versions/20260415_2100_q1r2s3t4u5v6_stores_osm_fields.py",
        "hashed_secret": "72356d9d2b29bd2b34a2bce50ca45c436c50dc73",
        "is_verified": false,
        "line_number": 18
      }
    ],
    "alembic/versions/20260416_1505_d14fe7c0cb81_add_barcode_ean_to_match_method_check.py": [
      {
        "type": "Hex High Entropy String",
        "filename": "alembic/versions/20260416_1505_d14fe7c0cb81_add_barcode_ean_to_match_method_check.py",
        "hashed_secret": "6f71b3fa46ecd51be7ef1d7176e34d3a9cfe663f",
        "is_verified": false,
        "line_number": 13
      }
    ],
    "alembic/versions/20260416_1730_a3b2c1d0e4f5_add_ref_lat_lng_to_users.py": [
      {
        "type": "Hex High Entropy String",
        "filename": "alembic/versions/20260416_1730_a3b2c1d0e4f5_add_ref_lat_lng_to_users.py",
        "hashed_secret": "ad3226a14ec243d07435f70651bff3d422789a38",
        "is_verified": false,
        "line_number": 7
      },
      {
        "type": "Hex High Entropy String",
        "filename": "alembic/versions/20260416_1730_a3b2c1d0e4f5_add_ref_lat_lng_to_users.py",
        "hashed_secret": "6f71b3fa46ecd51be7ef1d7176e34d3a9cfe663f",
        "is_verified": false,
        "line_number": 8
      }
    ],
    "alembic/versions/20260416_2020_b4c3d2e1f5a6_add_is_template_to_shopping_lists.py": [
      {
        "type": "Hex High Entropy String",
        "filename": "alembic/versions/20260416_2020_b4c3d2e1f5a6_add_is_template_to_shopping_lists.py",
        "hashed_secret": "33bab27eedb9c2687f372b6555df9e263c492df4",
        "is_verified": false,
        "line_number": 12
      },
      {
        "type": "Hex High Entropy String",
        "filename": "alembic/versions/20260416_2020_b4c3d2e1f5a6_add_is_template_to_shopping_lists.py",
        "hashed_secret": "ad3226a14ec243d07435f70651bff3d422789a38",
        "is_verified": false,
        "line_number": 13
      }
    ],
    "alembic/versions/20260416_2100_c5d4e3f2a1b0_add_status_to_optimized_routes.py": [
      {
        "type": "Hex High Entropy String",
        "filename": "alembic/versions/20260416_2100_c5d4e3f2a1b0_add_status_to_optimized_routes.py",
        "hashed_secret": "d1d8647c055ab050cbad0ca3f84a51703c1c2e02",
        "is_verified": false,
        "line_number": 7
      },
      {
        "type": "Hex High Entropy String",
        "filename": "alembic/versions/20260416_2100_c5d4e3f2a1b0_add_status_to_optimized_routes.py",
        "hashed_secret": "33bab27eedb9c2687f372b6555df9e263c492df4",
        "is_verified": false,
        "line_number": 8
      }
    ],
    "alembic/versions/20260418_1000_d6e5f4a3b2c1_brand_receipt_formats.py": [
      {
        "type": "Hex High Entropy String",
        "filename": "alembic/versions/20260418_1000_d6e5f4a3b2c1_brand_receipt_formats.py",
        "hashed_secret": "815835d2be950fbdba693a4c6f1b80526139f97f",
        "is_verified": false,
        "line_number": 18
      },
      {
        "type": "Hex High Entropy String",
        "filename": "alembic/versions/20260418_1000_d6e5f4a3b2c1_brand_receipt_formats.py",
        "hashed_secret": "d1d8647c055ab050cbad0ca3f84a51703c1c2e02",
        "is_verified": false,
        "line_number": 19
      }
    ],
    "alembic/versions/20260418_1200_b3c4d5e6f7a8_store_resolution_columns.py": [
      {
        "type": "Hex High Entropy String",
        "filename": "alembic/versions/20260418_1200_b3c4d5e6f7a8_store_resolution_columns.py",
        "hashed_secret": "e4524b9664eda0e2f847a49e46e5b226fc2245d9",
        "is_verified": false,
        "line_number": 21
      },
      {
        "type": "Hex High Entropy String",
        "filename": "alembic/versions/20260418_1200_b3c4d5e6f7a8_store_resolution_columns.py",
        "hashed_secret": "815835d2be950fbdba693a4c6f1b80526139f97f",
        "is_verified": false,
        "line_number": 22
      }
    ],
    "alembic/versions/20260419_1000_e7f8a9b0c1d2_receipt_id_on_store_candidates.py": [
      {
        "type": "Hex High Entropy String",
        "filename": "alembic/versions/20260419_1000_e7f8a9b0c1d2_receipt_id_on_store_candidates.py",
        "hashed_secret": "6620835ca304e6d411e191d8d1c341c42fbf0896",
        "is_verified": false,
        "line_number": 17
      },
      {
        "type": "Hex High Entropy String",
        "filename": "alembic/versions/20260419_1000_e7f8a9b0c1d2_receipt_id_on_store_candidates.py",
        "hashed_secret": "e4524b9664eda0e2f847a49e46e5b226fc2245d9",
        "is_verified": false,
        "line_number": 18
      }
    ],
    "alembic/versions/20260420_0900_fav20260420_add_product_favorites.py": [
      {
        "type": "Hex High Entropy String",
        "filename": "alembic/versions/20260420_0900_fav20260420_add_product_favorites.py",
        "hashed_secret": "6620835ca304e6d411e191d8d1c341c42fbf0896",
        "is_verified": false,
        "line_number": 19
      }
    ],
    "alembic/versions/20260502_1415_9082f271f4d5_merge_admin_audit_cross_retailer_heads.py": [
      {
        "type": "Hex High Entropy String",
        "filename": "alembic/versions/20260502_1415_9082f271f4d5_merge_admin_audit_cross_retailer_heads.py",
        "hashed_secret": "6c7bbba077d9b91bc47325e282d4263b6e8c8cc1",
        "is_verified": false,
        "line_number": 13
      }
    ],
    "alembic/versions/20260502_2100_retroscan.py": [
      {
        "type": "Hex High Entropy String",
        "filename": "alembic/versions/20260502_2100_retroscan.py",
        "hashed_secret": "6c7bbba077d9b91bc47325e282d4263b6e8c8cc1",
        "is_verified": false,
        "line_number": 34
      }
    ],
    "batch/_shared/tests/conftest.py": [
      {
        "type": "Secret Keyword",
        "filename": "batch/_shared/tests/conftest.py",
        "hashed_secret": "cc54b6331f5bd27e89e8e2855903d81ad67e7bbf",
        "is_verified": false,
        "line_number": 21
      }
    ],
    "batch/ratis_batch_achievements/tests/conftest.py": [
      {
        "type": "Secret Keyword",
        "filename": "batch/ratis_batch_achievements/tests/conftest.py",
        "hashed_secret": "cc54b6331f5bd27e89e8e2855903d81ad67e7bbf",
        "is_verified": false,
        "line_number": 29
      }
    ],
    "batch/ratis_batch_achievements/tests/test_sentry_init.py": [
      {
        "type": "Basic Auth Credentials",
        "filename": "batch/ratis_batch_achievements/tests/test_sentry_init.py",
        "hashed_secret": "cc87cb62100dcd964c1732e12a10eb0cc9f683ec",
        "is_verified": false,
        "line_number": 9
      }
    ],
    "batch/ratis_batch_annual_reset/tests/conftest.py": [
      {
        "type": "Secret Keyword",
        "filename": "batch/ratis_batch_annual_reset/tests/conftest.py",
        "hashed_secret": "cc54b6331f5bd27e89e8e2855903d81ad67e7bbf",
        "is_verified": false,
        "line_number": 19
      }
    ],
    "batch/ratis_batch_consensus/tests/conftest.py": [
      {
        "type": "Secret Keyword",
        "filename": "batch/ratis_batch_consensus/tests/conftest.py",
        "hashed_secret": "cc54b6331f5bd27e89e8e2855903d81ad67e7bbf",
        "is_verified": false,
        "line_number": 23
      }
    ],
    "batch/ratis_batch_consensus/tests/test_sentry_init.py": [
      {
        "type": "Basic Auth Credentials",
        "filename": "batch/ratis_batch_consensus/tests/test_sentry_init.py",
        "hashed_secret": "cc87cb62100dcd964c1732e12a10eb0cc9f683ec",
        "is_verified": false,
        "line_number": 37
      }
    ],
    "batch/ratis_batch_data_reconciliation/tests/conftest.py": [
      {
        "type": "Secret Keyword",
        "filename": "batch/ratis_batch_data_reconciliation/tests/conftest.py",
        "hashed_secret": "cc54b6331f5bd27e89e8e2855903d81ad67e7bbf",
        "is_verified": false,
        "line_number": 19
      }
    ],
    "batch/ratis_batch_data_reconciliation/tests/test_run.py": [
      {
        "type": "Basic Auth Credentials",
        "filename": "batch/ratis_batch_data_reconciliation/tests/test_run.py",
        "hashed_secret": "cc87cb62100dcd964c1732e12a10eb0cc9f683ec",
        "is_verified": false,
        "line_number": 192
      }
    ],
    "batch/ratis_batch_data_reconciliation/tests/test_sentry_init.py": [
      {
        "type": "Basic Auth Credentials",
        "filename": "batch/ratis_batch_data_reconciliation/tests/test_sentry_init.py",
        "hashed_secret": "cc87cb62100dcd964c1732e12a10eb0cc9f683ec",
        "is_verified": false,
        "line_number": 9
      }
    ],
    "batch/ratis_batch_mystery_announce/tests/conftest.py": [
      {
        "type": "Secret Keyword",
        "filename": "batch/ratis_batch_mystery_announce/tests/conftest.py",
        "hashed_secret": "cc54b6331f5bd27e89e8e2855903d81ad67e7bbf",
        "is_verified": false,
        "line_number": 22
      }
    ],
    "batch/ratis_batch_mystery_announce/tests/test_sentry_init.py": [
      {
        "type": "Basic Auth Credentials",
        "filename": "batch/ratis_batch_mystery_announce/tests/test_sentry_init.py",
        "hashed_secret": "cc87cb62100dcd964c1732e12a10eb0cc9f683ec",
        "is_verified": false,
        "line_number": 11
      }
    ],
    "batch/ratis_batch_off_sync/tests/conftest.py": [
      {
        "type": "Secret Keyword",
        "filename": "batch/ratis_batch_off_sync/tests/conftest.py",
        "hashed_secret": "cc54b6331f5bd27e89e8e2855903d81ad67e7bbf",
        "is_verified": false,
        "line_number": 18
      }
    ],
    "batch/ratis_batch_off_sync/tests/test_sentry_init.py": [
      {
        "type": "Basic Auth Credentials",
        "filename": "batch/ratis_batch_off_sync/tests/test_sentry_init.py",
        "hashed_secret": "cc87cb62100dcd964c1732e12a10eb0cc9f683ec",
        "is_verified": false,
        "line_number": 11
      }
    ],
    "batch/ratis_batch_origins_backfill/tests/conftest.py": [
      {
        "type": "Secret Keyword",
        "filename": "batch/ratis_batch_origins_backfill/tests/conftest.py",
        "hashed_secret": "cc54b6331f5bd27e89e8e2855903d81ad67e7bbf",
        "is_verified": false,
        "line_number": 19
      }
    ],
    "batch/ratis_batch_origins_backfill/tests/test_sentry_init.py": [
      {
        "type": "Basic Auth Credentials",
        "filename": "batch/ratis_batch_origins_backfill/tests/test_sentry_init.py",
        "hashed_secret": "cc87cb62100dcd964c1732e12a10eb0cc9f683ec",
        "is_verified": false,
        "line_number": 11
      }
    ],
    "batch/ratis_batch_osm_sync/tests/conftest.py": [
      {
        "type": "Secret Keyword",
        "filename": "batch/ratis_batch_osm_sync/tests/conftest.py",
        "hashed_secret": "cc54b6331f5bd27e89e8e2855903d81ad67e7bbf",
        "is_verified": false,
        "line_number": 22
      }
    ],
    "batch/ratis_batch_osm_sync/tests/test_osm_sync.py": [
      {
        "type": "Basic Auth Credentials",
        "filename": "batch/ratis_batch_osm_sync/tests/test_osm_sync.py",
        "hashed_secret": "cc87cb62100dcd964c1732e12a10eb0cc9f683ec",
        "is_verified": false,
        "line_number": 351
      }
    ],
    "batch/ratis_batch_osm_sync/tests/test_sentry_init.py": [
      {
        "type": "Basic Auth Credentials",
        "filename": "batch/ratis_batch_osm_sync/tests/test_sentry_init.py",
        "hashed_secret": "cc87cb62100dcd964c1732e12a10eb0cc9f683ec",
        "is_verified": false,
        "line_number": 11
      }
    ],
    "batch/ratis_batch_purge/tests/conftest.py": [
      {
        "type": "Secret Keyword",
        "filename": "batch/ratis_batch_purge/tests/conftest.py",
        "hashed_secret": "cc54b6331f5bd27e89e8e2855903d81ad67e7bbf",
        "is_verified": false,
        "line_number": 19
      },
      {
        "type": "Secret Keyword",
        "filename": "batch/ratis_batch_purge/tests/conftest.py",
        "hashed_secret": "fe1bae27cb7c1fb823f496f286e78f1d2ae87734",
        "is_verified": false,
        "line_number": 27
      }
    ],
    "batch/ratis_batch_purge/tests/test_sentry_init.py": [
      {
        "type": "Basic Auth Credentials",
        "filename": "batch/ratis_batch_purge/tests/test_sentry_init.py",
        "hashed_secret": "cc87cb62100dcd964c1732e12a10eb0cc9f683ec",
        "is_verified": false,
        "line_number": 11
      }
    ],
    "batch/ratis_batch_push_receipts/tests/conftest.py": [
      {
        "type": "Secret Keyword",
        "filename": "batch/ratis_batch_push_receipts/tests/conftest.py",
        "hashed_secret": "cc54b6331f5bd27e89e8e2855903d81ad67e7bbf",
        "is_verified": false,
        "line_number": 14
      }
    ],
    "batch/ratis_batch_push_receipts/tests/test_sentry_init.py": [
      {
        "type": "Basic Auth Credentials",
        "filename": "batch/ratis_batch_push_receipts/tests/test_sentry_init.py",
        "hashed_secret": "cc87cb62100dcd964c1732e12a10eb0cc9f683ec",
        "is_verified": false,
        "line_number": 11
      }
    ],
    "batch/ratis_batch_reconciliation/tests/conftest.py": [
      {
        "type": "Secret Keyword",
        "filename": "batch/ratis_batch_reconciliation/tests/conftest.py",
        "hashed_secret": "cc54b6331f5bd27e89e8e2855903d81ad67e7bbf",
        "is_verified": false,
        "line_number": 20
      }
    ],
    "batch/ratis_batch_reconciliation/tests/test_sentry_init.py": [
      {
        "type": "Basic Auth Credentials",
        "filename": "batch/ratis_batch_reconciliation/tests/test_sentry_init.py",
        "hashed_secret": "cc87cb62100dcd964c1732e12a10eb0cc9f683ec",
        "is_verified": false,
        "line_number": 9
      }
    ],
    "batch/ratis_batch_referral_payout/tests/conftest.py": [
      {
        "type": "Secret Keyword",
        "filename": "batch/ratis_batch_referral_payout/tests/conftest.py",
        "hashed_secret": "cc54b6331f5bd27e89e8e2855903d81ad67e7bbf",
        "is_verified": false,
        "line_number": 19
      }
    ],
    "batch/ratis_batch_referral_payout/tests/test_sentry_init.py": [
      {
        "type": "Basic Auth Credentials",
        "filename": "batch/ratis_batch_referral_payout/tests/test_sentry_init.py",
        "hashed_secret": "cc87cb62100dcd964c1732e12a10eb0cc9f683ec",
        "is_verified": false,
        "line_number": 11
      }
    ],
    "batch/ratis_batch_savings/tests/conftest.py": [
      {
        "type": "Secret Keyword",
        "filename": "batch/ratis_batch_savings/tests/conftest.py",
        "hashed_secret": "cc54b6331f5bd27e89e8e2855903d81ad67e7bbf",
        "is_verified": false,
        "line_number": 19
      }
    ],
    "batch/ratis_batch_savings/tests/test_sentry_init.py": [
      {
        "type": "Basic Auth Credentials",
        "filename": "batch/ratis_batch_savings/tests/test_sentry_init.py",
        "hashed_secret": "cc87cb62100dcd964c1732e12a10eb0cc9f683ec",
        "is_verified": false,
        "line_number": 16
      }
    ],
    "batch/ratis_batch_sirene_sync/tests/conftest.py": [
      {
        "type": "Secret Keyword",
        "filename": "batch/ratis_batch_sirene_sync/tests/conftest.py",
        "hashed_secret": "cc54b6331f5bd27e89e8e2855903d81ad67e7bbf",
        "is_verified": false,
        "line_number": 22
      }
    ],
    "batch/ratis_batch_trust_score/tests/conftest.py": [
      {
        "type": "Secret Keyword",
        "filename": "batch/ratis_batch_trust_score/tests/conftest.py",
        "hashed_secret": "cc54b6331f5bd27e89e8e2855903d81ad67e7bbf",
        "is_verified": false,
        "line_number": 14
      }
    ],
    "batch/ratis_batch_trust_score/tests/test_sentry_init.py": [
      {
        "type": "Basic Auth Credentials",
        "filename": "batch/ratis_batch_trust_score/tests/test_sentry_init.py",
        "hashed_secret": "cc87cb62100dcd964c1732e12a10eb0cc9f683ec",
        "is_verified": false,
        "line_number": 9
      }
    ],
    "batch/ratis_batch_vrac_seed/tests/conftest.py": [
      {
        "type": "Secret Keyword",
        "filename": "batch/ratis_batch_vrac_seed/tests/conftest.py",
        "hashed_secret": "cc54b6331f5bd27e89e8e2855903d81ad67e7bbf",
        "is_verified": false,
        "line_number": 20
      }
    ],
    "batch/ratis_batch_vrac_seed/tests/test_sentry_init.py": [
      {
        "type": "Basic Auth Credentials",
        "filename": "batch/ratis_batch_vrac_seed/tests/test_sentry_init.py",
        "hashed_secret": "cc87cb62100dcd964c1732e12a10eb0cc9f683ec",
        "is_verified": false,
        "line_number": 17
      }
    ],
    "docs/README.md": [
      {
        "type": "Basic Auth Credentials",
        "filename": "docs/README.md",
        "hashed_secret": "cc87cb62100dcd964c1732e12a10eb0cc9f683ec",
        "is_verified": false,
        "line_number": 61
      }
    ],
    "docs/arch/ARCH_n8n_pipelines.md": [
      {
        "type": "Secret Keyword",
        "filename": "docs/arch/ARCH_n8n_pipelines.md",
        "hashed_secret": "d2cafade69719a6fa81ff09a70f7300fe15cdd14",
        "is_verified": false,
        "line_number": 540
      }
    ],
    "infra/hermes/hermes-home/skills/ratis/claude-code-postmortem/tests/test_parser.py": [
      {
        "type": "JSON Web Token",
        "filename": "infra/hermes/hermes-home/skills/ratis/claude-code-postmortem/tests/test_parser.py",
        "hashed_secret": "c381e5e226df232bc544686c6a241be07c55aefd",
        "is_verified": false,
        "line_number": 190
      }
    ],
    "ratis_core/tests/test_agent_role_permissions.py": [
      {
        "type": "Basic Auth Credentials",
        "filename": "ratis_core/tests/test_agent_role_permissions.py",
        "hashed_secret": "cc87cb62100dcd964c1732e12a10eb0cc9f683ec",
        "is_verified": false,
        "line_number": 39
      }
    ],
    "ratis_core/tests/test_testing.py": [
      {
        "type": "Private Key",
        "filename": "ratis_core/tests/test_testing.py",
        "hashed_secret": "1348b145fa1a555461c1b790a2f66614781091e9",
        "is_verified": false,
        "line_number": 14
      }
    ],
    "scripts/seed/tests/test_safety_guards.py": [
      {
        "type": "Basic Auth Credentials",
        "filename": "scripts/seed/tests/test_safety_guards.py",
        "hashed_secret": "cc87cb62100dcd964c1732e12a10eb0cc9f683ec",
        "is_verified": false,
        "line_number": 21
      }
    ],
    "scripts/tests/test_batch_sentinel_composite.sh": [
      {
        "type": "Secret Keyword",
        "filename": "scripts/tests/test_batch_sentinel_composite.sh",
        "hashed_secret": "a893032662bc61891e75e464071782ee8f2033ff",
        "is_verified": false,
        "line_number": 57
      },
      {
        "type": "Hex High Entropy String",
        "filename": "scripts/tests/test_batch_sentinel_composite.sh",
        "hashed_secret": "f61178c6361824d157be62404e435fefed5a71f5",
        "is_verified": false,
        "line_number": 60
      }
    ],
    "scripts/tests/test_init_human_approval_secret.py": [
      {
        "type": "Secret Keyword",
        "filename": "scripts/tests/test_init_human_approval_secret.py",
        "hashed_secret": "cf740ad27dbda50ec938313655d99376d9e2af91",
        "is_verified": false,
        "line_number": 63
      }
    ],
    "tools/agent-mcp/tests/secrets/test_cli_secrets.py": [
      {
        "type": "Secret Keyword",
        "filename": "tools/agent-mcp/tests/secrets/test_cli_secrets.py",
        "hashed_secret": "f9473e1f0d581cb3589e8cba417906393ac877d6",
        "is_verified": false,
        "line_number": 132
      }
    ],
    "tools/agent-mcp/tests/secrets/test_inject.py": [
      {
        "type": "Secret Keyword",
        "filename": "tools/agent-mcp/tests/secrets/test_inject.py",
        "hashed_secret": "e9a26f914a2d3218852515f62bb4bedb4ec5a4e2",
        "is_verified": false,
        "line_number": 184
      },
      {
        "type": "Secret Keyword",
        "filename": "tools/agent-mcp/tests/secrets/test_inject.py",
        "hashed_secret": "a62f2225bf70bfaccbc7f1ef2a397836717377de",
        "is_verified": false,
        "line_number": 196
      }
    ],
    "tools/agent-mcp/tests/secrets/test_lease.py": [
      {
        "type": "Secret Keyword",
        "filename": "tools/agent-mcp/tests/secrets/test_lease.py",
        "hashed_secret": "02c173fc064db3d5d36ffbea6e3d09a6ca93ae45",
        "is_verified": false,
        "line_number": 128
      },
      {
        "type": "Secret Keyword",
        "filename": "tools/agent-mcp/tests/secrets/test_lease.py",
        "hashed_secret": "6b1bcba9c8c2b71972374330fd2a437f0f48325a",
        "is_verified": false,
        "line_number": 150
      },
      {
        "type": "Secret Keyword",
        "filename": "tools/agent-mcp/tests/secrets/test_lease.py",
        "hashed_secret": "39f69c278f46165447f30d10acf54277aaa3d5fc",
        "is_verified": false,
        "line_number": 178
      }
    ],
    "tools/agent-mcp/tests/test_audit.py": [
      {
        "type": "Secret Keyword",
        "filename": "tools/agent-mcp/tests/test_audit.py",
        "hashed_secret": "0c731a5f1dc781894b434c27b9f6a9cd9d9bdfcb",
        "is_verified": false,
        "line_number": 98
      },
      {
        "type": "Secret Keyword",
        "filename": "tools/agent-mcp/tests/test_audit.py",
        "hashed_secret": "e731a7b612ab389fcb7f973c452f33df3eb69c99",
        "is_verified": false,
        "line_number": 99
      }
    ],
    "tools/agent-mcp/tests/test_keychain.py": [
      {
        "type": "Secret Keyword",
        "filename": "tools/agent-mcp/tests/test_keychain.py",
        "hashed_secret": "73689d9191aec90c4de5b96c932c9e52dad45c11",
        "is_verified": false,
        "line_number": 80
      }
    ],
    "tools/agent-mcp/tests/tools/test_secrets_tools.py": [
      {
        "type": "Secret Keyword",
        "filename": "tools/agent-mcp/tests/tools/test_secrets_tools.py",
        "hashed_secret": "ba34abd325b77f1d62c5c650b21eed9fb8bd52ef",
        "is_verified": false,
        "line_number": 258
      },
      {
        "type": "Secret Keyword",
        "filename": "tools/agent-mcp/tests/tools/test_secrets_tools.py",
        "hashed_secret": "fbe50233cd8abdf6cb4163ba7ec437b350eaa4ba",
        "is_verified": false,
        "line_number": 287
      }
    ],
    "tools/hermes-skills/claude-code-postmortem/tests/test_parser.py": [
      {
        "type": "JSON Web Token",
        "filename": "tools/hermes-skills/claude-code-postmortem/tests/test_parser.py",
        "hashed_secret": "c381e5e226df232bc544686c6a241be07c55aefd",
        "is_verified": false,
        "line_number": 188
      }
    ],
    "tools/tests/test_sentry_webhook.py": [
      {
        "type": "Secret Keyword",
        "filename": "tools/tests/test_sentry_webhook.py",
        "hashed_secret": "e171710537b0361e4d3468f17e26ca72dd892bd3",
        "is_verified": false,
        "line_number": 10
      }
    ],
    "webservices/ratis_auth/tests/conftest.py": [
      {
        "type": "Secret Keyword",
        "filename": "webservices/ratis_auth/tests/conftest.py",
        "hashed_secret": "cc54b6331f5bd27e89e8e2855903d81ad67e7bbf",
        "is_verified": false,
        "line_number": 37
      },
      {
        "type": "Secret Keyword",
        "filename": "webservices/ratis_auth/tests/conftest.py",
        "hashed_secret": "6dc93fd5dfc39087aedf8cdc970dcd814aaffed9",
        "is_verified": false,
        "line_number": 38
      },
      {
        "type": "Secret Keyword",
        "filename": "webservices/ratis_auth/tests/conftest.py",
        "hashed_secret": "021d1278707993181261d76bcecd41de1428e6d8",
        "is_verified": false,
        "line_number": 39
      },
      {
        "type": "Secret Keyword",
        "filename": "webservices/ratis_auth/tests/conftest.py",
        "hashed_secret": "6798c5b7ce534ca78768206283450f18d3d7fee6",
        "is_verified": false,
        "line_number": 51
      },
      {
        "type": "Secret Keyword",
        "filename": "webservices/ratis_auth/tests/conftest.py",
        "hashed_secret": "b57fa0798cf182195d00866158f0f022ad324741",
        "is_verified": false,
        "line_number": 52
      }
    ],
    "webservices/ratis_auth/tests/test_subscription.py": [
      {
        "type": "Secret Keyword",
        "filename": "webservices/ratis_auth/tests/test_subscription.py",
        "hashed_secret": "e02bb19592091e10c0f9737864d50e28a9ecc778",
        "is_verified": false,
        "line_number": 14
      }
    ],
    "webservices/ratis_notifier/tests/conftest.py": [
      {
        "type": "Secret Keyword",
        "filename": "webservices/ratis_notifier/tests/conftest.py",
        "hashed_secret": "cc54b6331f5bd27e89e8e2855903d81ad67e7bbf",
        "is_verified": false,
        "line_number": 17
      }
    ],
    "webservices/ratis_product_analyser/tests/conftest.py": [
      {
        "type": "Secret Keyword",
        "filename": "webservices/ratis_product_analyser/tests/conftest.py",
        "hashed_secret": "fe1bae27cb7c1fb823f496f286e78f1d2ae87734",
        "is_verified": false,
        "line_number": 36
      },
      {
        "type": "Secret Keyword",
        "filename": "webservices/ratis_product_analyser/tests/conftest.py",
        "hashed_secret": "6798c5b7ce534ca78768206283450f18d3d7fee6",
        "is_verified": false,
        "line_number": 66
      },
      {
        "type": "Secret Keyword",
        "filename": "webservices/ratis_product_analyser/tests/conftest.py",
        "hashed_secret": "f957bc2949a53b6221ec1a5e645311056cdb9948",
        "is_verified": false,
        "line_number": 78
      },
      {
        "type": "Secret Keyword",
        "filename": "webservices/ratis_product_analyser/tests/conftest.py",
        "hashed_secret": "b9f5624fd38c5d4d441d9bdd1f0faecf2fbf1128",
        "is_verified": false,
        "line_number": 81
      },
      {
        "type": "Secret Keyword",
        "filename": "webservices/ratis_product_analyser/tests/conftest.py",
        "hashed_secret": "1c25ec285620b98b719c18fa5659d48622ea1131",
        "is_verified": false,
        "line_number": 85
      }
    ],
    "webservices/ratis_product_analyser/tests/pipeline/fixtures/expected_intermarche_courbevoie.json": [
      {
        "type": "Hex High Entropy String",
        "filename": "webservices/ratis_product_analyser/tests/pipeline/fixtures/expected_intermarche_courbevoie.json",
        "hashed_secret": "e1174221be633a6361acc3627fe29dac4de07caf",
        "is_verified": false,
        "line_number": 5
      }
    ],
    "webservices/ratis_product_analyser/tests/pipeline/test_comprehend.py": [
      {
        "type": "Hex High Entropy String",
        "filename": "webservices/ratis_product_analyser/tests/pipeline/test_comprehend.py",
        "hashed_secret": "d73e5d153c28ded3a1a22e511650aec08d0572c5",
        "is_verified": false,
        "line_number": 649
      }
    ],
    "webservices/ratis_product_analyser/tests/pipeline/test_fraud_lookup.py": [
      {
        "type": "Hex High Entropy String",
        "filename": "webservices/ratis_product_analyser/tests/pipeline/test_fraud_lookup.py",
        "hashed_secret": "f538b12b42468087bffe54648a82be1f6baddde7",
        "is_verified": false,
        "line_number": 510
      }
    ],
    "webservices/ratis_product_analyser/tests/pipeline/test_llm_clients.py": [
      {
        "type": "Secret Keyword",
        "filename": "webservices/ratis_product_analyser/tests/pipeline/test_llm_clients.py",
        "hashed_secret": "0d1919ff4eebc7af7ee04381259deedc059369aa",
        "is_verified": false,
        "line_number": 81
      }
    ],
    "webservices/ratis_product_analyser/tests/pipeline/test_persist_anti_fraud.py": [
      {
        "type": "Hex High Entropy String",
        "filename": "webservices/ratis_product_analyser/tests/pipeline/test_persist_anti_fraud.py",
        "hashed_secret": "bec5c2e19275d92a65361cac577f0f85f9b3183f",
        "is_verified": false,
        "line_number": 1084
      }
    ],
    "webservices/ratis_product_analyser/tests/pipeline/test_phash_lookup.py": [
      {
        "type": "Hex High Entropy String",
        "filename": "webservices/ratis_product_analyser/tests/pipeline/test_phash_lookup.py",
        "hashed_secret": "f113b1ba9cb43f4a947000f2f41ae10a04190256",
        "is_verified": false,
        "line_number": 99
      }
    ],
    "webservices/ratis_product_analyser/tests/pipeline/test_types.py": [
      {
        "type": "Hex High Entropy String",
        "filename": "webservices/ratis_product_analyser/tests/pipeline/test_types.py",
        "hashed_secret": "3c4b0a56e3fc089169990668152acd3acb1fd6b5",
        "is_verified": false,
        "line_number": 322
      }
    ],
    "webservices/ratis_product_analyser/tests/test_admin_ui.py": [
      {
        "type": "Secret Keyword",
        "filename": "webservices/ratis_product_analyser/tests/test_admin_ui.py",
        "hashed_secret": "6798c5b7ce534ca78768206283450f18d3d7fee6",
        "is_verified": false,
        "line_number": 122
      },
      {
        "type": "Secret Keyword",
        "filename": "webservices/ratis_product_analyser/tests/test_admin_ui.py",
        "hashed_secret": "8bc920da69bbf0db0452dc37ac397a810dd1b704",
        "is_verified": false,
        "line_number": 156
      },
      {
        "type": "Secret Keyword",
        "filename": "webservices/ratis_product_analyser/tests/test_admin_ui.py",
        "hashed_secret": "1c4124f068fc74aaee768f8f5d11f4c8fdd37bac",
        "is_verified": false,
        "line_number": 189
      }
    ],
    "webservices/ratis_product_analyser/tests/test_admin_ui_db_approvals.py": [
      {
        "type": "Secret Keyword",
        "filename": "webservices/ratis_product_analyser/tests/test_admin_ui_db_approvals.py",
        "hashed_secret": "6798c5b7ce534ca78768206283450f18d3d7fee6",
        "is_verified": false,
        "line_number": 25
      },
      {
        "type": "Secret Keyword",
        "filename": "webservices/ratis_product_analyser/tests/test_admin_ui_db_approvals.py",
        "hashed_secret": "b9ccd6af9ef1cdaca4ee9181073ea9d62fac4440",
        "is_verified": false,
        "line_number": 217
      },
      {
        "type": "Secret Keyword",
        "filename": "webservices/ratis_product_analyser/tests/test_admin_ui_db_approvals.py",
        "hashed_secret": "e2b11b2ed070b77e4b45630e0e59171ae5b2b674",
        "is_verified": false,
        "line_number": 430
      },
      {
        "type": "Secret Keyword",
        "filename": "webservices/ratis_product_analyser/tests/test_admin_ui_db_approvals.py",
        "hashed_secret": "a4b48a81cdab1e1a5dd37907d6c85ca1c61ddc7c",
        "is_verified": false,
        "line_number": 446
      },
      {
        "type": "Secret Keyword",
        "filename": "webservices/ratis_product_analyser/tests/test_admin_ui_db_approvals.py",
        "hashed_secret": "d869db7fe62fb07c25a0403ecaea55031744b5fb",
        "is_verified": false,
        "line_number": 472
      },
      {
        "type": "Secret Keyword",
        "filename": "webservices/ratis_product_analyser/tests/test_admin_ui_db_approvals.py",
        "hashed_secret": "50abe902f2340b8537ed82701ad48c15746bff72",
        "is_verified": false,
        "line_number": 524
      }
    ],
    "webservices/ratis_product_analyser/tests/test_admin_ui_name_resolutions.py": [
      {
        "type": "Secret Keyword",
        "filename": "webservices/ratis_product_analyser/tests/test_admin_ui_name_resolutions.py",
        "hashed_secret": "6798c5b7ce534ca78768206283450f18d3d7fee6",
        "is_verified": false,
        "line_number": 182
      }
    ],
    "webservices/ratis_product_analyser/tests/test_human_secret.py": [
      {
        "type": "Secret Keyword",
        "filename": "webservices/ratis_product_analyser/tests/test_human_secret.py",
        "hashed_secret": "48af78a042de398e6502405f6fa2f39bf057a1eb",
        "is_verified": false,
        "line_number": 71
      },
      {
        "type": "Secret Keyword",
        "filename": "webservices/ratis_product_analyser/tests/test_human_secret.py",
        "hashed_secret": "6fa2b4146531a819bfea78e4b25cbdf0ae655af6",
        "is_verified": false,
        "line_number": 81
      }
    ],
    "webservices/ratis_product_analyser/tests/test_store_matching_service.py": [
      {
        "type": "Hex High Entropy String",
        "filename": "webservices/ratis_product_analyser/tests/test_store_matching_service.py",
        "hashed_secret": "22a07d051fd63d73a84bb5a131fcc8d1df6a8006",
        "is_verified": false,
        "line_number": 108
      }
    ],
    "webservices/ratis_product_analyser/tests/worker/conftest.py": [
      {
        "type": "Basic Auth Credentials",
        "filename": "webservices/ratis_product_analyser/tests/worker/conftest.py",
        "hashed_secret": "cc87cb62100dcd964c1732e12a10eb0cc9f683ec",
        "is_verified": false,
        "line_number": 12
      }
    ],
    "webservices/ratis_rewards/tests/conftest.py": [
      {
        "type": "Secret Keyword",
        "filename": "webservices/ratis_rewards/tests/conftest.py",
        "hashed_secret": "cc54b6331f5bd27e89e8e2855903d81ad67e7bbf",
        "is_verified": false,
        "line_number": 32
      },
      {
        "type": "Secret Keyword",
        "filename": "webservices/ratis_rewards/tests/conftest.py",
        "hashed_secret": "6798c5b7ce534ca78768206283450f18d3d7fee6",
        "is_verified": false,
        "line_number": 33
      },
      {
        "type": "Secret Keyword",
        "filename": "webservices/ratis_rewards/tests/conftest.py",
        "hashed_secret": "b57fa0798cf182195d00866158f0f022ad324741",
        "is_verified": false,
        "line_number": 35
      },
      {
        "type": "Secret Keyword",
        "filename": "webservices/ratis_rewards/tests/conftest.py",
        "hashed_secret": "7ea7f5a5582b03701cfaff43845f6df404959373",
        "is_verified": false,
        "line_number": 38
      },
      {
        "type": "Secret Keyword",
        "filename": "webservices/ratis_rewards/tests/conftest.py",
        "hashed_secret": "c2165eb65720df0429d96851931bd4cb5e01fd61",
        "is_verified": false,
        "line_number": 39
      },
      {
        "type": "Secret Keyword",
        "filename": "webservices/ratis_rewards/tests/conftest.py",
        "hashed_secret": "5b80bd4e6547e8eed1ea0d7ba680c7408a849019",
        "is_verified": false,
        "line_number": 40
      }
    ],
    "webservices/ratis_rewards/tests/test_cashback_webhook_hmac.py": [
      {
        "type": "Base64 High Entropy String",
        "filename": "webservices/ratis_rewards/tests/test_cashback_webhook_hmac.py",
        "hashed_secret": "b3c1dbee7dbf39ef29ff528b2a6392fd917c7d5d",
        "is_verified": false,
        "line_number": 378
      }
    ]
  },
  "generated_at": "2026-06-24T19:42:21Z"
}
